// Jest Snapshot v1, https://goo.gl/fbAQLP

exports[`Tests for <JournalEntry /> Should render correctly 1`] = `
<div
  className="journal__entry pointer animate__animated animate__fadeIn animate__faster"
  onClick={[Function]}
>
  <div
    className="journal__entry-picture"
    style={
      Object {
        "backgroundImage": "url(https://test-image.com/image.jpg)",
        "backgroundPosition": "center",
        "backgroundSize": "cover",
      }
    }
  />
  <div
    className="journal__entry-body"
  >
    <p
      className="journal__entry-title"
    >
      Hello
    </p>
    <p
      className="journal__entry-content"
    >
      World
    </p>
  </div>
  <div
    className="journal__entry-date-box"
  >
    <span>
      Wednesday
    </span>
    <h4>
      31st
    </h4>
  </div>
</div>
`;
